// Jest Snapshot v1, https://goo.gl/fbAQLP

exports[`snapshot footer 1`] = `
<footer>
  <p>
     Â© felipe-gl18
  </p>
</footer>
`;
